SQL> select lower(substr('QSPIDER',1,3)+upper(substr('QSPIDER',4,length('QSPIDER')-3))
  2  from dual;
from dual
*
ERROR at line 2:
ORA-00907: missing right parenthesis 


SQL> ed'

SQL> ed
Wrote file afiedt.buf

  1  select lower(substr('QSPIDER',1,3))+upper(substr('QSPIDER',4,length('QSPIDER')-3))
  2* from dual
SQL> /
select lower(substr('QSPIDER',1,3))+upper(substr('QSPIDER',4,length('QSPIDER')-3))
       *
ERROR at line 1:
ORA-01722: invalid number 


SQL> select *
  2  from emp
  3  where ename=
  4  ed
  5  ;
ed
*
ERROR at line 4:
ORA-00904: "ED": invalid identifier 


SQL> ed
Wrote file afiedt.buf

  1  select *
  2  from emp
  3* where ename='SMITH',job='CLERK'and sal=2000
  4  /\
  5  \
  6  /
where ename='SMITH',job='CLERK'and sal=2000
                   *
ERROR at line 3:
ORA-00933: SQL command not properly ended 


SQL> ed
Wrote file afiedt.buf

  1  select *
  2  from emp
  3  where ename='SMITH'and job='CLERK'and sal=2000
  4  /\
  5* \
SQL> /
/\
 *
ERROR at line 4:
ORA-00911: invalid character 


SQL> ed
Wrote file afiedt.buf

  1  select *
  2  from emp
  3* where ename='SMITH'and job='CLERK'and sal=2000
  4  /

no rows selected

SQL> select *
  2  from emp
  3  
SQL> ;
  1  select *
  2* from emp
SQL> select +
  2  ed
  3  ;

*
ERROR at line 3:
ORA-00923: FROM keyword not found where expected 


SQL> select *
  2  from emp
  3  ;

     EMPNO ENAME      JOB              MGR HIREDATE         SAL       COMM     DEPTNO               
---------- ---------- --------- ---------- --------- ---------- ---------- ----------               
      7369 SMITH      CLERK           7902 17-DEC-80        800                    20               
      7499 ALLEN      SALESMAN        7698 20-FEB-81       1600        300         30               
      7521 WARD       SALESMAN        7698 22-FEB-81       1250        500         30               
      7566 JONES      MANAGER         7839 02-APR-81       2975                    20               
      7654 MARTIN     SALESMAN        7698 28-SEP-81       1250       1400         30               
      7698 BLAKE      MANAGER         7839 01-MAY-81       2850                    30               
      7782 CLARK      MANAGER         7839 09-JUN-81       2450                    10               
      7788 SCOTT      ANALYST         7566 19-APR-87       3000                    20               
      7839 KING       PRESIDENT            17-NOV-81       5000                    10               
      7844 TURNER     SALESMAN        7698 08-SEP-81       1500          0         30               
      7876 ADAMS      CLERK           7788 23-MAY-87       1100                    20               
      7900 JAMES      CLERK           7698 03-DEC-81        950                    30               
      7902 FORD       ANALYST         7566 03-DEC-81       3000                    20               
      7934 MILLER     CLERK           7782 23-JAN-82       1300                    10               

14 rows selected.

SQL> select *
  2  from emp
  3  where to_char(hiredat,'D')='WEDNESDAY';
where to_char(hiredat,'D')='WEDNESDAY'
              *
ERROR at line 3:
ORA-00904: "HIREDAT": invalid identifier 


SQL> ed
Wrote file afiedt.buf

  1  select *
  2  from emp
  3* where to_char(hiredate,'D')='WEDNESDAY'
SQL> /

no rows selected

SQL> ed
Wrote file afiedt.buf

  1  select *
  2  from emp
  3* where to_char(hiredate,'DAY')='WEDNESDAY'
SQL> /

     EMPNO ENAME      JOB              MGR HIREDATE         SAL       COMM     DEPTNO               
---------- ---------- --------- ---------- --------- ---------- ---------- ----------               
      7369 SMITH      CLERK           7902 17-DEC-80        800                    20               

SQL> SPOOL OFF
